{
  "source": "version: 2.1\n\njobs:\n  hello-job:\n    docker:\n      - image: cimg/node:17.2.0 # the primary container, where your job's commands are run\n        auth:\n          username: mydockerhub-user\n          password: $DOCKERHUB_PASSWORD  # context / project UI env-var reference\n    steps:\n      - checkout # check out the code in the project directory\n      - run: echo \"hello world\" # run the `echo` command\n\nworkflows:\n  my-workflow:\n    jobs:\n      - hello-job\n\n\n\n",
  "compiled": "version: 2\njobs:\n  hello-job:\n    docker:\n    - image: cimg/node:17.2.0\n      auth:\n        username: mydockerhub-user\n        password: $DOCKERHUB_PASSWORD\n    steps:\n    - checkout\n    - run:\n        command: echo \"hello world\"\nworkflows:\n  my-workflow:\n    jobs:\n    - hello-job\n  version: 2\n\n# Original config.yml file:\n# version: 2.1\n# \n# jobs:\n#   hello-job:\n#     docker:\n#       - image: cimg/node:17.2.0 # the primary container, where your job's commands are run\n#         auth:\n#           username: mydockerhub-user\n#           password: $DOCKERHUB_PASSWORD  # context / project UI env-var reference\n#     steps:\n#       - checkout # check out the code in the project directory\n#       - run: echo \\\"hello world\\\" # run the `echo` command\n# \n# workflows:\n#   my-workflow:\n#     jobs:\n#       - hello-job"
}