[
  {
    "id": "eb02dad5-96d9-478f-aeea-2db0749d405e",
    "project_slug": "circleci/Gz3a4NZuvL2Eng3EFmqdLS/TaCb55wNToTQJA9NpwJ368",
    "number": 5,
    "state": "created",
    "created_at": "2023-01-30T17:12:27.243Z",
    "updated_at": "2023-01-30T17:12:27.243Z",
    "trigger_parameters": {
      "gitlab": {
        "project_id": "41770570",
        "repo_name": "hello-gitlab",
        "repo_url": "git@gitlab.com:ashwilliams1/hello-gitlab.git",
        "web_url": "https://gitlab.com/ashwilliams1/hello-gitlab",
        "branch": "main",
        "default_branch": ""
      }
    }
  },
  {
    "id": "1af87b45-02e9-467e-be19-e4ae74fc114e",
    "project_slug": "circleci/Gz3a4NZuvL2Eng3EFmqdLS/TaCb55wNToTQJA9NpwJ368",
    "number": 4,
    "state": "created",
    "created_at": "2023-01-19T00:01:30.849Z",
    "updated_at": "2023-01-19T00:01:30.849Z",
    "trigger_parameters": {
      "gitlab": {
        "project_id": "41770570",
        "repo_name": "hello-gitlab",
        "repo_url": "git@gitlab.com:ashwilliams1/hello-gitlab.git",
        "web_url": "https://gitlab.com/ashwilliams1/hello-gitlab",
        "branch": "main",
        "default_branch": ""
      }
    }
  },
  {
    "id": "dca5a820-e197-49ee-95b1-7bbb8dae4062",
    "project_slug": "circleci/Gz3a4NZuvL2Eng3EFmqdLS/TaCb55wNToTQJA9NpwJ368",
    "number": 3,
    "state": "created",
    "created_at": "2023-01-19T00:01:30.848Z",
    "updated_at": "2023-01-19T00:01:30.848Z",
    "trigger_parameters": {
      "gitlab": {
        "project_id": "41770570",
        "repo_name": "hello-gitlab",
        "repo_url": "git@gitlab.com:ashwilliams1/hello-gitlab.git",
        "web_url": "https://gitlab.com/ashwilliams1/hello-gitlab",
        "branch": "main",
        "default_branch": ""
      }
    }
  },
  {
    "id": "13280f67-cfd4-4ef0-95cc-8b1d95d1fae6",
    "project_slug": "circleci/Gz3a4NZuvL2Eng3EFmqdLS/TaCb55wNToTQJA9NpwJ368",
    "number": 2,
    "state": "created",
    "created_at": "2023-01-18T23:56:31.364Z",
    "updated_at": "2023-01-18T23:56:31.364Z",
    "trigger_parameters": {
      "gitlab": {
        "project_id": "41770570",
        "repo_name": "hello-gitlab",
        "repo_url": "git@gitlab.com:ashwilliams1/hello-gitlab.git",
        "web_url": "https://gitlab.com/ashwilliams1/hello-gitlab",
        "branch": "main",
        "default_branch": ""
      }
    }
  },
  {
    "id": "0f888f7e-aaff-444b-9199-0ef458a5c370",
    "project_slug": "circleci/Gz3a4NZuvL2Eng3EFmqdLS/TaCb55wNToTQJA9NpwJ368",
    "number": 1,
    "state": "created",
    "created_at": "2023-01-18T20:00:30.384Z",
    "updated_at": "2023-01-18T20:00:30.384Z",
    "trigger_parameters": {
      "gitlab": {
        "project_id": "41770570",
        "repo_name": "hello-gitlab",
        "repo_url": "git@gitlab.com:ashwilliams1/hello-gitlab.git",
        "web_url": "https://gitlab.com/ashwilliams1/hello-gitlab",
        "branch": "main",
        "default_branch": ""
      }
    }
  }
]